[debug] [2026-03-12T18:54:12.247Z] ----------------------------------------------------------------------
[debug] [2026-03-12T18:54:12.253Z] Command:       C:\Program Files\nodejs\node.exe C:\Users\Gari Iriana\AppData\Roaming\npm\node_modules\firebase-tools\lib\bin\firebase.js deploy --only hosting
[debug] [2026-03-12T18:54:12.253Z] CLI Version:   15.4.0
[debug] [2026-03-12T18:54:12.254Z] Platform:      win32
[debug] [2026-03-12T18:54:12.254Z] Node Version:  v22.21.1
[debug] [2026-03-12T18:54:12.255Z] Time:          Fri Mar 13 2026 01:54:12 GMT+0700 (Indochina Time)
[debug] [2026-03-12T18:54:12.255Z] ----------------------------------------------------------------------
[debug] 
[debug] [2026-03-12T18:54:15.979Z] > command requires scopes: ["email","openid","https://www.googleapis.com/auth/cloudplatformprojects.readonly","https://www.googleapis.com/auth/firebase","https://www.googleapis.com/auth/cloud-platform"]
[debug] [2026-03-12T18:54:15.981Z] > authorizing via signed-in user (geriiriana6@gmail.com)
[debug] [2026-03-12T18:54:15.982Z] [iam] checking project report-utt for permissions ["firebase.projects.get","firebasehosting.sites.update"]
[debug] [2026-03-12T18:54:15.984Z] Checked if tokens are valid: true, expires at: 1773343603778
[debug] [2026-03-12T18:54:15.984Z] Checked if tokens are valid: true, expires at: 1773343603778
[debug] [2026-03-12T18:54:15.987Z] >>> [apiv2][query] POST https://cloudresourcemanager.googleapis.com/v1/projects/report-utt:testIamPermissions [none]
[debug] [2026-03-12T18:54:15.987Z] >>> [apiv2][(partial)header] POST https://cloudresourcemanager.googleapis.com/v1/projects/report-utt:testIamPermissions x-goog-quota-user=projects/report-utt
[debug] [2026-03-12T18:54:15.987Z] >>> [apiv2][body] POST https://cloudresourcemanager.googleapis.com/v1/projects/report-utt:testIamPermissions {"permissions":["firebase.projects.get","firebasehosting.sites.update"]}
[debug] [2026-03-12T18:54:17.521Z] <<< [apiv2][status] POST https://cloudresourcemanager.googleapis.com/v1/projects/report-utt:testIamPermissions 200
[debug] [2026-03-12T18:54:17.521Z] <<< [apiv2][body] POST https://cloudresourcemanager.googleapis.com/v1/projects/report-utt:testIamPermissions {"permissions":["firebase.projects.get","firebasehosting.sites.update"]}
[debug] [2026-03-12T18:54:17.522Z] Checked if tokens are valid: true, expires at: 1773343603778
[debug] [2026-03-12T18:54:17.523Z] Checked if tokens are valid: true, expires at: 1773343603778
[debug] [2026-03-12T18:54:17.523Z] >>> [apiv2][query] GET https://firebase.googleapis.com/v1beta1/projects/report-utt [none]
[debug] [2026-03-12T18:54:18.182Z] <<< [apiv2][status] GET https://firebase.googleapis.com/v1beta1/projects/report-utt 200
[debug] [2026-03-12T18:54:18.182Z] <<< [apiv2][body] GET https://firebase.googleapis.com/v1beta1/projects/report-utt {"projectId":"report-utt","projectNumber":"596883644201","displayName":"Report UTT","name":"projects/report-utt","resources":{"hostingSite":"report-utt","realtimeDatabaseInstance":"report-utt-default-rtdb"},"state":"ACTIVE","etag":"1_ff824c5f-9c30-4dfb-93dd-f7b16999ccd8"}
[info] 
[info] === Deploying to 'report-utt'...
[info] 
[info] i  deploying hosting 
[debug] [2026-03-12T18:54:18.190Z] Checked if tokens are valid: true, expires at: 1773343603778
[debug] [2026-03-12T18:54:18.191Z] Checked if tokens are valid: true, expires at: 1773343603778
[debug] [2026-03-12T18:54:18.191Z] >>> [apiv2][query] POST https://firebasehosting.googleapis.com/v1beta1/projects/-/sites/report-utt/versions [none]
[debug] [2026-03-12T18:54:18.191Z] >>> [apiv2][body] POST https://firebasehosting.googleapis.com/v1beta1/projects/-/sites/report-utt/versions {"status":"CREATED","labels":{"deployment-tool":"cli-firebase"}}
[debug] [2026-03-12T18:54:19.857Z] <<< [apiv2][status] POST https://firebasehosting.googleapis.com/v1beta1/projects/-/sites/report-utt/versions 200
[debug] [2026-03-12T18:54:19.858Z] <<< [apiv2][body] POST https://firebasehosting.googleapis.com/v1beta1/projects/-/sites/report-utt/versions {"name":"projects/596883644201/sites/report-utt/versions/b1670b441884cb14","status":"CREATED","config":{},"labels":{"deployment-tool":"cli-firebase"}}
[info] i  hosting[report-utt]: beginning deploy... 
[info] i  hosting[report-utt]: found 16 files in dist 
[debug] [2026-03-12T18:54:19.895Z] [hosting] uploading with 200 concurrency
[debug] [2026-03-12T18:54:20.070Z] Checked if tokens are valid: true, expires at: 1773343603778
[debug] [2026-03-12T18:54:20.070Z] Checked if tokens are valid: true, expires at: 1773343603778
[debug] [2026-03-12T18:54:20.084Z] [hosting] hash cache [ZGlzdA] stored for 16 files
[debug] [2026-03-12T18:54:20.085Z] [hosting][hash queue][FINAL] {"max":166,"min":10,"avg":45.5,"active":0,"complete":16,"success":16,"errored":0,"retried":0,"total":16,"elapsed":187}
[debug] [2026-03-12T18:54:20.086Z] >>> [apiv2][query] POST https://firebasehosting.googleapis.com/v1beta1/projects/596883644201/sites/report-utt/versions/b1670b441884cb14:populateFiles [none]
[debug] [2026-03-12T18:54:20.086Z] >>> [apiv2][body] POST https://firebasehosting.googleapis.com/v1beta1/projects/596883644201/sites/report-utt/versions/b1670b441884cb14:populateFiles {"files":{"/logo-neutradc.png":"ff1d5daaa841c9cd7c2ddb102f8e1bb815f98960eb44f6747c3173ab3fc9d15f","/logo-dwimitra.png":"d71b4319f1e21653e4f78935664efc148b48b334199e0dcce7084f1f3e12b39f","/index.html":"f69d4ee86becfe210ccab778c519f5de0e12a908fd596b0a575f1db7044eced5","/assets/purify.es-C_uT9hQ1.js":"9dbf175a5d4418eb66a031119d1424a8b8018745978fe8d761f22009d58944a4","/assets/bri_left_logo-g78dPXum.png":"f714e80ae78495e752e864c999bb36deb4ed25991bf1f7032b83334ff1a0e538","/assets/bri_logo-BCMLm3b0.png":"85d65dbad0373dac66588d91ed798322ba4c961ef5f62b0b81eabcc815aabf3b","/assets/index-Crb9-w76.css":"199db0ad25f083b645af4390dba6a19513e0a2f739d4b6d8a2cc92e3662dc662","/assets/logo_dwimitra_v2-BrqGRPKv.png":"8e1e347238fdb5b4033e06dd379e938262ff29e4a8652ec4bdca72906a3ddd13","/assets/index.es-BJHpHq6b.js":"72cad3d2e959a8e4e96fd8147801d10a297ae8b0a8535a75cdbd2d2087bca3a1","/assets/html2canvas-QH1iLAAe.js":"f11fa059b23162cd079f9be9c5b6c29237e7393fcab5d04c6f2b2ac5bd7a38b3","/assets/jspdf-Ch6E2Dok.js":"0416bfdff865bfa7aeb69d6ea528cc61d2ed627418ad529ec54893250f6715ed","/assets/logo_neutradc-B8fi14sS.png":"ff1d5daaa841c9cd7c2ddb102f8e1bb815f98960eb44f6747c3173ab3fc9d15f","/assets/index-fWzkBcP0.js":"9a04b4af0f24105f8f67b2fa5921bb5eace4bb6669e71e6cb8198dd4ce0f6a77","/assets/firebase-CXKHWbDM.js":"da2b393b9da68c40de395faa53e5ad3b88ec8d12cf780e8f0d1e64b8c86f4762","/assets/exceljs-CYTHuRCp.js":"8bc1ad80b8698bd5fd1b7079af0f291f79e97e29ac468250e96bbecec78fb005","/assets/logo_utt-CttUjqU-.png":"fd34e51d683aac8f2a96177fe9414e7c6d687e92fb72da64bd79a64a3ab54a93"}}
[debug] [2026-03-12T18:54:21.085Z] <<< [apiv2][status] POST https://firebasehosting.googleapis.com/v1beta1/projects/596883644201/sites/report-utt/versions/b1670b441884cb14:populateFiles 200
[debug] [2026-03-12T18:54:21.085Z] <<< [apiv2][body] POST https://firebasehosting.googleapis.com/v1beta1/projects/596883644201/sites/report-utt/versions/b1670b441884cb14:populateFiles {"uploadRequiredHashes":["f69d4ee86becfe210ccab778c519f5de0e12a908fd596b0a575f1db7044eced5","9a04b4af0f24105f8f67b2fa5921bb5eace4bb6669e71e6cb8198dd4ce0f6a77"],"uploadUrl":"https://upload-firebasehosting.googleapis.com/upload/sites/report-utt/versions/b1670b441884cb14/files"}
[debug] [2026-03-12T18:54:21.087Z] Checked if tokens are valid: true, expires at: 1773343603778
[debug] [2026-03-12T18:54:21.087Z] Checked if tokens are valid: true, expires at: 1773343603778
[debug] [2026-03-12T18:54:21.087Z] Checked if tokens are valid: true, expires at: 1773343603778
[debug] [2026-03-12T18:54:21.087Z] Checked if tokens are valid: true, expires at: 1773343603778
[debug] [2026-03-12T18:54:21.088Z] >>> [apiv2][query] POST https://upload-firebasehosting.googleapis.com/upload/sites/report-utt/versions/b1670b441884cb14/files/f69d4ee86becfe210ccab778c519f5de0e12a908fd596b0a575f1db7044eced5 [none]
[debug] [2026-03-12T18:54:21.088Z] >>> [apiv2][body] POST https://upload-firebasehosting.googleapis.com/upload/sites/report-utt/versions/b1670b441884cb14/files/f69d4ee86becfe210ccab778c519f5de0e12a908fd596b0a575f1db7044eced5 [stream]
[debug] [2026-03-12T18:54:21.091Z] >>> [apiv2][query] POST https://upload-firebasehosting.googleapis.com/upload/sites/report-utt/versions/b1670b441884cb14/files/9a04b4af0f24105f8f67b2fa5921bb5eace4bb6669e71e6cb8198dd4ce0f6a77 [none]
[debug] [2026-03-12T18:54:21.091Z] >>> [apiv2][body] POST https://upload-firebasehosting.googleapis.com/upload/sites/report-utt/versions/b1670b441884cb14/files/9a04b4af0f24105f8f67b2fa5921bb5eace4bb6669e71e6cb8198dd4ce0f6a77 [stream]
[debug] [2026-03-12T18:54:21.093Z] [hosting][populate queue][FINAL] {"max":1018,"min":1018,"avg":1018,"active":0,"complete":1,"success":1,"errored":0,"retried":0,"total":1,"elapsed":1023}
[debug] [2026-03-12T18:54:21.093Z] [hosting] uploads queued: 2
[info] i  hosting: uploading new files [0/2] (0%) 
[debug] [2026-03-12T18:54:23.426Z] <<< [apiv2][status] POST https://upload-firebasehosting.googleapis.com/upload/sites/report-utt/versions/b1670b441884cb14/files/9a04b4af0f24105f8f67b2fa5921bb5eace4bb6669e71e6cb8198dd4ce0f6a77 200
[debug] [2026-03-12T18:54:23.427Z] <<< [apiv2][body] POST https://upload-firebasehosting.googleapis.com/upload/sites/report-utt/versions/b1670b441884cb14/files/9a04b4af0f24105f8f67b2fa5921bb5eace4bb6669e71e6cb8198dd4ce0f6a77 [stream]
[debug] [2026-03-12T18:54:23.786Z] <<< [apiv2][status] POST https://upload-firebasehosting.googleapis.com/upload/sites/report-utt/versions/b1670b441884cb14/files/f69d4ee86becfe210ccab778c519f5de0e12a908fd596b0a575f1db7044eced5 200
[debug] [2026-03-12T18:54:23.786Z] <<< [apiv2][body] POST https://upload-firebasehosting.googleapis.com/upload/sites/report-utt/versions/b1670b441884cb14/files/f69d4ee86becfe210ccab778c519f5de0e12a908fd596b0a575f1db7044eced5 [stream]
[debug] [2026-03-12T18:54:23.787Z] [hosting][upload queue][FINAL] {"max":2701,"min":2340,"avg":2520.5,"active":0,"complete":2,"success":2,"errored":0,"retried":0,"total":2,"elapsed":2701}
[info] i  hosting: upload complete 
[info] +  hosting[report-utt]: file upload complete 
[debug] [2026-03-12T18:54:23.787Z] [hosting] deploy completed after 3925ms
[debug] [2026-03-12T18:54:23.788Z] [
  {
    "config": {
      "public": "dist",
      "ignore": [
        "firebase.json",
        "**/.*",
        "**/node_modules/**"
      ],
      "rewrites": [
        {
          "source": "**",
          "destination": "/index.html"
        }
      ],
      "headers": [
        {
          "source": "**",
          "headers": [
            {
              "key": "Strict-Transport-Security",
              "value": "max-age=31536000; includeSubDomains; preload"
            },
            {
              "key": "X-Frame-Options",
              "value": "SAMEORIGIN"
            },
            {
              "key": "X-Content-Type-Options",
              "value": "nosniff"
            },
            {
              "key": "Referrer-Policy",
              "value": "strict-origin-when-cross-origin"
            },
            {
              "key": "Permissions-Policy",
              "value": "camera=(), microphone=(), geolocation=(), payment=(), usb=(), magnetometer=(), gyroscope=(), accelerometer=()"
            },
            {
              "key": "X-XSS-Protection",
              "value": "1; mode=block"
            },
            {
              "key": "Content-Security-Policy",
              "value": "default-src 'self'; script-src 'self' 'unsafe-inline' 'unsafe-eval' https://www.google.com https://www.gstatic.com https://apis.google.com https://*.firebaseapp.com https://*.firebase.com https://www.googletagmanager.com; style-src 'self' 'unsafe-inline' https://fonts.googleapis.com; font-src 'self' https://fonts.gstatic.com data:; img-src 'self' data: blob: https://*.googleapis.com https://*.gstatic.com https://*.firebasestorage.app https://firebasestorage.googleapis.com; connect-src 'self' https://*.googleapis.com https://*.firebaseapp.com https://*.firebase.com wss://*.firebaseio.com https://firestore.googleapis.com https://identitytoolkit.googleapis.com https://securetoken.googleapis.com https://firebasestorage.googleapis.com https://www.google.com https://www.recaptcha.net https://www.google-analytics.com https://region1.google-analytics.com; frame-src 'self' blob: https://www.google.com https://recaptcha.google.com https://*.firebaseapp.com; object-src 'none'; base-uri 'self'; form-action 'self'; upgrade-insecure-requests;"
            }
          ]
        }
      ],
      "site": "report-utt"
    },
    "version": "projects/596883644201/sites/report-utt/versions/b1670b441884cb14"
  }
]
[info] i  hosting[report-utt]: finalizing version... 
[debug] [2026-03-12T18:54:23.790Z] Checked if tokens are valid: true, expires at: 1773343603778
[debug] [2026-03-12T18:54:23.791Z] Checked if tokens are valid: true, expires at: 1773343603778
[debug] [2026-03-12T18:54:23.791Z] >>> [apiv2][query] PATCH https://firebasehosting.googleapis.com/v1beta1/projects/-/sites/report-utt/versions/b1670b441884cb14 updateMask=status%2Cconfig
[debug] [2026-03-12T18:54:23.791Z] >>> [apiv2][body] PATCH https://firebasehosting.googleapis.com/v1beta1/projects/-/sites/report-utt/versions/b1670b441884cb14 {"status":"FINALIZED","config":{"rewrites":[{"glob":"**","path":"/index.html"}],"headers":[{"glob":"**","headers":{"Strict-Transport-Security":"max-age=31536000; includeSubDomains; preload","X-Frame-Options":"SAMEORIGIN","X-Content-Type-Options":"nosniff","Referrer-Policy":"strict-origin-when-cross-origin","Permissions-Policy":"camera=(), microphone=(), geolocation=(), payment=(), usb=(), magnetometer=(), gyroscope=(), accelerometer=()","X-XSS-Protection":"1; mode=block","Content-Security-Policy":"default-src 'self'; script-src 'self' 'unsafe-inline' 'unsafe-eval' https://www.google.com https://www.gstatic.com https://apis.google.com https://*.firebaseapp.com https://*.firebase.com https://www.googletagmanager.com; style-src 'self' 'unsafe-inline' https://fonts.googleapis.com; font-src 'self' https://fonts.gstatic.com data:; img-src 'self' data: blob: https://*.googleapis.com https://*.gstatic.com https://*.firebasestorage.app https://firebasestorage.googleapis.com; connect-src 'self' https://*.googleapis.com https://*.firebaseapp.com https://*.firebase.com wss://*.firebaseio.com https://firestore.googleapis.com https://identitytoolkit.googleapis.com https://securetoken.googleapis.com https://firebasestorage.googleapis.com https://www.google.com https://www.recaptcha.net https://www.google-analytics.com https://region1.google-analytics.com; frame-src 'self' blob: https://www.google.com https://recaptcha.google.com https://*.firebaseapp.com; object-src 'none'; base-uri 'self'; form-action 'self'; upgrade-insecure-requests;"}}]}}
[debug] [2026-03-12T18:54:24.678Z] <<< [apiv2][status] PATCH https://firebasehosting.googleapis.com/v1beta1/projects/-/sites/report-utt/versions/b1670b441884cb14 200
[debug] [2026-03-12T18:54:24.678Z] <<< [apiv2][body] PATCH https://firebasehosting.googleapis.com/v1beta1/projects/-/sites/report-utt/versions/b1670b441884cb14 {"name":"projects/596883644201/sites/report-utt/versions/b1670b441884cb14","status":"FINALIZED","config":{"headers":[{"headers":{"X-XSS-Protection":"1; mode=block","Content-Security-Policy":"default-src 'self'; script-src 'self' 'unsafe-inline' 'unsafe-eval' https://www.google.com https://www.gstatic.com https://apis.google.com https://*.firebaseapp.com https://*.firebase.com https://www.googletagmanager.com; style-src 'self' 'unsafe-inline' https://fonts.googleapis.com; font-src 'self' https://fonts.gstatic.com data:; img-src 'self' data: blob: https://*.googleapis.com https://*.gstatic.com https://*.firebasestorage.app https://firebasestorage.googleapis.com; connect-src 'self' https://*.googleapis.com https://*.firebaseapp.com https://*.firebase.com wss://*.firebaseio.com https://firestore.googleapis.com https://identitytoolkit.googleapis.com https://securetoken.googleapis.com https://firebasestorage.googleapis.com https://www.google.com https://www.recaptcha.net https://www.google-analytics.com https://region1.google-analytics.com; frame-src 'self' blob: https://www.google.com https://recaptcha.google.com https://*.firebaseapp.com; object-src 'none'; base-uri 'self'; form-action 'self'; upgrade-insecure-requests;","Strict-Transport-Security":"max-age=31536000; includeSubDomains; preload","X-Frame-Options":"SAMEORIGIN","X-Content-Type-Options":"nosniff","Referrer-Policy":"strict-origin-when-cross-origin","Permissions-Policy":"camera=(), microphone=(), geolocation=(), payment=(), usb=(), magnetometer=(), gyroscope=(), accelerometer=()"},"glob":"**"}],"rewrites":[{"glob":"**","path":"/index.html"}]},"labels":{"deployment-tool":"cli-firebase"},"createTime":"2026-03-12T18:54:19.068766Z","createUser":{"email":"geriiriana6@gmail.com"},"finalizeTime":"2026-03-12T18:54:24.456235Z","finalizeUser":{"email":"geriiriana6@gmail.com"}}
[debug] [2026-03-12T18:54:24.679Z] [hosting] finalized version for report-utt:[object Object]
[info] +  hosting[report-utt]: version finalized 
[info] i  hosting[report-utt]: releasing new version... 
[debug] [2026-03-12T18:54:24.680Z] Checked if tokens are valid: true, expires at: 1773343603778
[debug] [2026-03-12T18:54:24.680Z] Checked if tokens are valid: true, expires at: 1773343603778
[debug] [2026-03-12T18:54:24.680Z] >>> [apiv2][query] POST https://firebasehosting.googleapis.com/v1beta1/projects/-/sites/report-utt/channels/live/releases versionName=projects%2F596883644201%2Fsites%2Freport-utt%2Fversions%2Fb1670b441884cb14
[debug] [2026-03-12T18:54:24.680Z] >>> [apiv2][body] POST https://firebasehosting.googleapis.com/v1beta1/projects/-/sites/report-utt/channels/live/releases {}
[debug] [2026-03-12T18:54:25.788Z] <<< [apiv2][status] POST https://firebasehosting.googleapis.com/v1beta1/projects/-/sites/report-utt/channels/live/releases 200
[debug] [2026-03-12T18:54:25.789Z] <<< [apiv2][body] POST https://firebasehosting.googleapis.com/v1beta1/projects/-/sites/report-utt/channels/live/releases {"name":"projects/596883644201/sites/report-utt/channels/live/releases/1773341664918000","version":{"name":"projects/596883644201/sites/report-utt/versions/b1670b441884cb14","status":"FINALIZED","config":{"headers":[{"headers":{"X-Content-Type-Options":"nosniff","Referrer-Policy":"strict-origin-when-cross-origin","Permissions-Policy":"camera=(), microphone=(), geolocation=(), payment=(), usb=(), magnetometer=(), gyroscope=(), accelerometer=()","X-XSS-Protection":"1; mode=block","Content-Security-Policy":"default-src 'self'; script-src 'self' 'unsafe-inline' 'unsafe-eval' https://www.google.com https://www.gstatic.com https://apis.google.com https://*.firebaseapp.com https://*.firebase.com https://www.googletagmanager.com; style-src 'self' 'unsafe-inline' https://fonts.googleapis.com; font-src 'self' https://fonts.gstatic.com data:; img-src 'self' data: blob: https://*.googleapis.com https://*.gstatic.com https://*.firebasestorage.app https://firebasestorage.googleapis.com; connect-src 'self' https://*.googleapis.com https://*.firebaseapp.com https://*.firebase.com wss://*.firebaseio.com https://firestore.googleapis.com https://identitytoolkit.googleapis.com https://securetoken.googleapis.com https://firebasestorage.googleapis.com https://www.google.com https://www.recaptcha.net https://www.google-analytics.com https://region1.google-analytics.com; frame-src 'self' blob: https://www.google.com https://recaptcha.google.com https://*.firebaseapp.com; object-src 'none'; base-uri 'self'; form-action 'self'; upgrade-insecure-requests;","Strict-Transport-Security":"max-age=31536000; includeSubDomains; preload","X-Frame-Options":"SAMEORIGIN"},"glob":"**"}],"rewrites":[{"glob":"**","path":"/index.html"}]},"labels":{"deployment-tool":"cli-firebase"},"createTime":"2026-03-12T18:54:19.068766Z","createUser":{"email":"geriiriana6@gmail.com","imageUrl":"https://lh3.googleusercontent.com/a/ACg8ocL--BklHbgeEoEs0GmaH_xnNSb458JbrnkrsXcA7grPN6xu9Q=mo"},"finalizeTime":"2026-03-12T18:54:24.456235Z","finalizeUser":{"email":"geriiriana6@gmail.com","imageUrl":"https://lh3.googleusercontent.com/a/ACg8ocL--BklHbgeEoEs0GmaH_xnNSb458JbrnkrsXcA7grPN6xu9Q=mo"}},"type":"DEPLOY","releaseTime":"2026-03-12T18:54:24.918Z","releaseUser":{"email":"geriiriana6@gmail.com","imageUrl":"https://lh3.googleusercontent.com/a/ACg8ocL--BklHbgeEoEs0GmaH_xnNSb458JbrnkrsXcA7grPN6xu9Q=mo"}}
[debug] [2026-03-12T18:54:25.789Z] [hosting] release: {"name":"projects/596883644201/sites/report-utt/channels/live/releases/1773341664918000","version":{"name":"projects/596883644201/sites/report-utt/versions/b1670b441884cb14","status":"FINALIZED","config":{"headers":[{"headers":{"X-Content-Type-Options":"nosniff","Referrer-Policy":"strict-origin-when-cross-origin","Permissions-Policy":"camera=(), microphone=(), geolocation=(), payment=(), usb=(), magnetometer=(), gyroscope=(), accelerometer=()","X-XSS-Protection":"1; mode=block","Content-Security-Policy":"default-src 'self'; script-src 'self' 'unsafe-inline' 'unsafe-eval' https://www.google.com https://www.gstatic.com https://apis.google.com https://*.firebaseapp.com https://*.firebase.com https://www.googletagmanager.com; style-src 'self' 'unsafe-inline' https://fonts.googleapis.com; font-src 'self' https://fonts.gstatic.com data:; img-src 'self' data: blob: https://*.googleapis.com https://*.gstatic.com https://*.firebasestorage.app https://firebasestorage.googleapis.com; connect-src 'self' https://*.googleapis.com https://*.firebaseapp.com https://*.firebase.com wss://*.firebaseio.com https://firestore.googleapis.com https://identitytoolkit.googleapis.com https://securetoken.googleapis.com https://firebasestorage.googleapis.com https://www.google.com https://www.recaptcha.net https://www.google-analytics.com https://region1.google-analytics.com; frame-src 'self' blob: https://www.google.com https://recaptcha.google.com https://*.firebaseapp.com; object-src 'none'; base-uri 'self'; form-action 'self'; upgrade-insecure-requests;","Strict-Transport-Security":"max-age=31536000; includeSubDomains; preload","X-Frame-Options":"SAMEORIGIN"},"glob":"**"}],"rewrites":[{"glob":"**","path":"/index.html"}]},"labels":{"deployment-tool":"cli-firebase"},"createTime":"2026-03-12T18:54:19.068766Z","createUser":{"email":"geriiriana6@gmail.com","imageUrl":"https://lh3.googleusercontent.com/a/ACg8ocL--BklHbgeEoEs0GmaH_xnNSb458JbrnkrsXcA7grPN6xu9Q=mo"},"finalizeTime":"2026-03-12T18:54:24.456235Z","finalizeUser":{"email":"geriiriana6@gmail.com","imageUrl":"https://lh3.googleusercontent.com/a/ACg8ocL--BklHbgeEoEs0GmaH_xnNSb458JbrnkrsXcA7grPN6xu9Q=mo"}},"type":"DEPLOY","releaseTime":"2026-03-12T18:54:24.918Z","releaseUser":{"email":"geriiriana6@gmail.com","imageUrl":"https://lh3.googleusercontent.com/a/ACg8ocL--BklHbgeEoEs0GmaH_xnNSb458JbrnkrsXcA7grPN6xu9Q=mo"}}
[info] +  hosting[report-utt]: release complete 
[info] 
[info] +  Deploy complete! 
[info] 
[info] Project Console: https://console.firebase.google.com/project/report-utt/overview
[info] Hosting URL: https://report-utt.web.app
[debug] [2026-03-12T18:59:15.589Z] ----------------------------------------------------------------------
[debug] [2026-03-12T18:59:15.595Z] Command:       C:\Program Files\nodejs\node.exe C:\Users\Gari Iriana\AppData\Roaming\npm\node_modules\firebase-tools\lib\bin\firebase.js deploy --only hosting
[debug] [2026-03-12T18:59:15.596Z] CLI Version:   15.4.0
[debug] [2026-03-12T18:59:15.596Z] Platform:      win32
[debug] [2026-03-12T18:59:15.596Z] Node Version:  v22.21.1
[debug] [2026-03-12T18:59:15.597Z] Time:          Fri Mar 13 2026 01:59:15 GMT+0700 (Indochina Time)
[debug] [2026-03-12T18:59:15.598Z] ----------------------------------------------------------------------
[debug] 
[debug] [2026-03-12T18:59:18.849Z] > command requires scopes: ["email","openid","https://www.googleapis.com/auth/cloudplatformprojects.readonly","https://www.googleapis.com/auth/firebase","https://www.googleapis.com/auth/cloud-platform"]
[debug] [2026-03-12T18:59:18.851Z] > authorizing via signed-in user (geriiriana6@gmail.com)
[debug] [2026-03-12T18:59:18.851Z] [iam] checking project report-utt for permissions ["firebase.projects.get","firebasehosting.sites.update"]
[debug] [2026-03-12T18:59:18.854Z] Checked if tokens are valid: true, expires at: 1773343603778
[debug] [2026-03-12T18:59:18.854Z] Checked if tokens are valid: true, expires at: 1773343603778
[debug] [2026-03-12T18:59:18.856Z] >>> [apiv2][query] POST https://cloudresourcemanager.googleapis.com/v1/projects/report-utt:testIamPermissions [none]
[debug] [2026-03-12T18:59:18.856Z] >>> [apiv2][(partial)header] POST https://cloudresourcemanager.googleapis.com/v1/projects/report-utt:testIamPermissions x-goog-quota-user=projects/report-utt
[debug] [2026-03-12T18:59:18.856Z] >>> [apiv2][body] POST https://cloudresourcemanager.googleapis.com/v1/projects/report-utt:testIamPermissions {"permissions":["firebase.projects.get","firebasehosting.sites.update"]}
[debug] [2026-03-12T18:59:20.292Z] <<< [apiv2][status] POST https://cloudresourcemanager.googleapis.com/v1/projects/report-utt:testIamPermissions 200
[debug] [2026-03-12T18:59:20.292Z] <<< [apiv2][body] POST https://cloudresourcemanager.googleapis.com/v1/projects/report-utt:testIamPermissions {"permissions":["firebase.projects.get","firebasehosting.sites.update"]}
[debug] [2026-03-12T18:59:20.293Z] Checked if tokens are valid: true, expires at: 1773343603778
[debug] [2026-03-12T18:59:20.293Z] Checked if tokens are valid: true, expires at: 1773343603778
[debug] [2026-03-12T18:59:20.294Z] >>> [apiv2][query] GET https://firebase.googleapis.com/v1beta1/projects/report-utt [none]
[debug] [2026-03-12T18:59:20.990Z] <<< [apiv2][status] GET https://firebase.googleapis.com/v1beta1/projects/report-utt 200
[debug] [2026-03-12T18:59:20.990Z] <<< [apiv2][body] GET https://firebase.googleapis.com/v1beta1/projects/report-utt {"projectId":"report-utt","projectNumber":"596883644201","displayName":"Report UTT","name":"projects/report-utt","resources":{"hostingSite":"report-utt","realtimeDatabaseInstance":"report-utt-default-rtdb"},"state":"ACTIVE","etag":"1_ff824c5f-9c30-4dfb-93dd-f7b16999ccd8"}
[info] 
[info] === Deploying to 'report-utt'...
[info] 
[info] i  deploying hosting 
[debug] [2026-03-12T18:59:20.998Z] Checked if tokens are valid: true, expires at: 1773343603778
[debug] [2026-03-12T18:59:20.999Z] Checked if tokens are valid: true, expires at: 1773343603778
[debug] [2026-03-12T18:59:20.999Z] >>> [apiv2][query] POST https://firebasehosting.googleapis.com/v1beta1/projects/-/sites/report-utt/versions [none]
[debug] [2026-03-12T18:59:20.999Z] >>> [apiv2][body] POST https://firebasehosting.googleapis.com/v1beta1/projects/-/sites/report-utt/versions {"status":"CREATED","labels":{"deployment-tool":"cli-firebase"}}
[debug] [2026-03-12T18:59:22.484Z] <<< [apiv2][status] POST https://firebasehosting.googleapis.com/v1beta1/projects/-/sites/report-utt/versions 200
[debug] [2026-03-12T18:59:22.485Z] <<< [apiv2][body] POST https://firebasehosting.googleapis.com/v1beta1/projects/-/sites/report-utt/versions {"name":"projects/596883644201/sites/report-utt/versions/d2839b589a75e760","status":"CREATED","config":{},"labels":{"deployment-tool":"cli-firebase"}}
[info] i  hosting[report-utt]: beginning deploy... 
[info] i  hosting[report-utt]: found 16 files in dist 
[debug] [2026-03-12T18:59:22.513Z] [hosting] uploading with 200 concurrency
[debug] [2026-03-12T18:59:22.674Z] Checked if tokens are valid: true, expires at: 1773343603778
[debug] [2026-03-12T18:59:22.674Z] Checked if tokens are valid: true, expires at: 1773343603778
[debug] [2026-03-12T18:59:22.677Z] [hosting] hash cache [ZGlzdA] stored for 16 files
[debug] [2026-03-12T18:59:22.678Z] [hosting][hash queue][FINAL] {"max":156,"min":6,"avg":41.125,"active":0,"complete":16,"success":16,"errored":0,"retried":0,"total":16,"elapsed":163}
[debug] [2026-03-12T18:59:22.678Z] >>> [apiv2][query] POST https://firebasehosting.googleapis.com/v1beta1/projects/596883644201/sites/report-utt/versions/d2839b589a75e760:populateFiles [none]
[debug] [2026-03-12T18:59:22.678Z] >>> [apiv2][body] POST https://firebasehosting.googleapis.com/v1beta1/projects/596883644201/sites/report-utt/versions/d2839b589a75e760:populateFiles {"files":{"/logo-neutradc.png":"ff1d5daaa841c9cd7c2ddb102f8e1bb815f98960eb44f6747c3173ab3fc9d15f","/logo-dwimitra.png":"d71b4319f1e21653e4f78935664efc148b48b334199e0dcce7084f1f3e12b39f","/index.html":"f69d4ee86becfe210ccab778c519f5de0e12a908fd596b0a575f1db7044eced5","/assets/purify.es-C_uT9hQ1.js":"9dbf175a5d4418eb66a031119d1424a8b8018745978fe8d761f22009d58944a4","/assets/bri_left_logo-g78dPXum.png":"f714e80ae78495e752e864c999bb36deb4ed25991bf1f7032b83334ff1a0e538","/assets/bri_logo-BCMLm3b0.png":"85d65dbad0373dac66588d91ed798322ba4c961ef5f62b0b81eabcc815aabf3b","/assets/index-Crb9-w76.css":"199db0ad25f083b645af4390dba6a19513e0a2f739d4b6d8a2cc92e3662dc662","/assets/logo_dwimitra_v2-BrqGRPKv.png":"8e1e347238fdb5b4033e06dd379e938262ff29e4a8652ec4bdca72906a3ddd13","/assets/index.es-BJHpHq6b.js":"72cad3d2e959a8e4e96fd8147801d10a297ae8b0a8535a75cdbd2d2087bca3a1","/assets/html2canvas-QH1iLAAe.js":"f11fa059b23162cd079f9be9c5b6c29237e7393fcab5d04c6f2b2ac5bd7a38b3","/assets/logo_neutradc-B8fi14sS.png":"ff1d5daaa841c9cd7c2ddb102f8e1bb815f98960eb44f6747c3173ab3fc9d15f","/assets/jspdf-Ch6E2Dok.js":"0416bfdff865bfa7aeb69d6ea528cc61d2ed627418ad529ec54893250f6715ed","/assets/index-fWzkBcP0.js":"9a04b4af0f24105f8f67b2fa5921bb5eace4bb6669e71e6cb8198dd4ce0f6a77","/assets/firebase-CXKHWbDM.js":"da2b393b9da68c40de395faa53e5ad3b88ec8d12cf780e8f0d1e64b8c86f4762","/assets/exceljs-CYTHuRCp.js":"8bc1ad80b8698bd5fd1b7079af0f291f79e97e29ac468250e96bbecec78fb005","/assets/logo_utt-CttUjqU-.png":"fd34e51d683aac8f2a96177fe9414e7c6d687e92fb72da64bd79a64a3ab54a93"}}
[debug] [2026-03-12T18:59:23.259Z] <<< [apiv2][status] POST https://firebasehosting.googleapis.com/v1beta1/projects/596883644201/sites/report-utt/versions/d2839b589a75e760:populateFiles 200
[debug] [2026-03-12T18:59:23.260Z] <<< [apiv2][body] POST https://firebasehosting.googleapis.com/v1beta1/projects/596883644201/sites/report-utt/versions/d2839b589a75e760:populateFiles {"uploadUrl":"https://upload-firebasehosting.googleapis.com/upload/sites/report-utt/versions/d2839b589a75e760/files"}
[debug] [2026-03-12T18:59:23.260Z] [hosting][populate queue][FINAL] {"max":586,"min":586,"avg":586,"active":0,"complete":1,"success":1,"errored":0,"retried":0,"total":1,"elapsed":586}
[debug] [2026-03-12T18:59:23.261Z] [hosting] uploads queued: 0
[debug] [2026-03-12T18:59:23.261Z] [hosting][upload queue][FINAL] {"max":0,"min":9999999999,"avg":0,"active":0,"complete":0,"success":0,"errored":0,"retried":0,"total":0,"elapsed":1773341963261}
[info] i  hosting: upload complete 
[info] +  hosting[report-utt]: file upload complete 
[debug] [2026-03-12T18:59:23.262Z] [hosting] deploy completed after 773ms
[debug] [2026-03-12T18:59:23.262Z] [
  {
    "config": {
      "public": "dist",
      "ignore": [
        "firebase.json",
        "**/.*",
        "**/node_modules/**"
      ],
      "rewrites": [
        {
          "source": "**",
          "destination": "/index.html"
        }
      ],
      "headers": [
        {
          "source": "**",
          "headers": [
            {
              "key": "Strict-Transport-Security",
              "value": "max-age=31536000; includeSubDomains; preload"
            },
            {
              "key": "X-Frame-Options",
              "value": "SAMEORIGIN"
            },
            {
              "key": "X-Content-Type-Options",
              "value": "nosniff"
            },
            {
              "key": "Referrer-Policy",
              "value": "strict-origin-when-cross-origin"
            },
            {
              "key": "Permissions-Policy",
              "value": "camera=(), microphone=(), geolocation=(), payment=(), usb=(), magnetometer=(), gyroscope=(), accelerometer=()"
            },
            {
              "key": "X-XSS-Protection",
              "value": "1; mode=block"
            },
            {
              "key": "Content-Security-Policy",
              "value": "default-src 'self'; script-src 'self' 'unsafe-inline' 'unsafe-eval' https://www.google.com https://www.gstatic.com https://apis.google.com https://*.firebaseapp.com https://*.firebase.com https://www.googletagmanager.com; style-src 'self' 'unsafe-inline' https://fonts.googleapis.com; font-src 'self' https://fonts.gstatic.com data:; img-src 'self' data: blob: https://*.googleapis.com https://*.gstatic.com https://*.firebasestorage.app https://firebasestorage.googleapis.com; connect-src 'self' https://*.googleapis.com https://*.firebaseapp.com https://*.firebase.com wss://*.firebaseio.com https://firestore.googleapis.com https://identitytoolkit.googleapis.com https://securetoken.googleapis.com https://firebasestorage.googleapis.com https://www.google.com https://www.recaptcha.net https://www.google-analytics.com https://region1.google-analytics.com; frame-src 'self' blob: https://www.google.com https://recaptcha.google.com https://*.firebaseapp.com; object-src 'none'; base-uri 'self'; form-action 'self'; upgrade-insecure-requests;"
            }
          ]
        }
      ],
      "site": "report-utt"
    },
    "version": "projects/596883644201/sites/report-utt/versions/d2839b589a75e760"
  }
]
[info] i  hosting[report-utt]: finalizing version... 
[debug] [2026-03-12T18:59:23.265Z] Checked if tokens are valid: true, expires at: 1773343603778
[debug] [2026-03-12T18:59:23.265Z] Checked if tokens are valid: true, expires at: 1773343603778
[debug] [2026-03-12T18:59:23.266Z] >>> [apiv2][query] PATCH https://firebasehosting.googleapis.com/v1beta1/projects/-/sites/report-utt/versions/d2839b589a75e760 updateMask=status%2Cconfig
[debug] [2026-03-12T18:59:23.266Z] >>> [apiv2][body] PATCH https://firebasehosting.googleapis.com/v1beta1/projects/-/sites/report-utt/versions/d2839b589a75e760 {"status":"FINALIZED","config":{"rewrites":[{"glob":"**","path":"/index.html"}],"headers":[{"glob":"**","headers":{"Strict-Transport-Security":"max-age=31536000; includeSubDomains; preload","X-Frame-Options":"SAMEORIGIN","X-Content-Type-Options":"nosniff","Referrer-Policy":"strict-origin-when-cross-origin","Permissions-Policy":"camera=(), microphone=(), geolocation=(), payment=(), usb=(), magnetometer=(), gyroscope=(), accelerometer=()","X-XSS-Protection":"1; mode=block","Content-Security-Policy":"default-src 'self'; script-src 'self' 'unsafe-inline' 'unsafe-eval' https://www.google.com https://www.gstatic.com https://apis.google.com https://*.firebaseapp.com https://*.firebase.com https://www.googletagmanager.com; style-src 'self' 'unsafe-inline' https://fonts.googleapis.com; font-src 'self' https://fonts.gstatic.com data:; img-src 'self' data: blob: https://*.googleapis.com https://*.gstatic.com https://*.firebasestorage.app https://firebasestorage.googleapis.com; connect-src 'self' https://*.googleapis.com https://*.firebaseapp.com https://*.firebase.com wss://*.firebaseio.com https://firestore.googleapis.com https://identitytoolkit.googleapis.com https://securetoken.googleapis.com https://firebasestorage.googleapis.com https://www.google.com https://www.recaptcha.net https://www.google-analytics.com https://region1.google-analytics.com; frame-src 'self' blob: https://www.google.com https://recaptcha.google.com https://*.firebaseapp.com; object-src 'none'; base-uri 'self'; form-action 'self'; upgrade-insecure-requests;"}}]}}
[debug] [2026-03-12T18:59:23.983Z] <<< [apiv2][status] PATCH https://firebasehosting.googleapis.com/v1beta1/projects/-/sites/report-utt/versions/d2839b589a75e760 200
[debug] [2026-03-12T18:59:23.983Z] <<< [apiv2][body] PATCH https://firebasehosting.googleapis.com/v1beta1/projects/-/sites/report-utt/versions/d2839b589a75e760 {"name":"projects/596883644201/sites/report-utt/versions/d2839b589a75e760","status":"FINALIZED","config":{"headers":[{"headers":{"X-Content-Type-Options":"nosniff","Referrer-Policy":"strict-origin-when-cross-origin","Permissions-Policy":"camera=(), microphone=(), geolocation=(), payment=(), usb=(), magnetometer=(), gyroscope=(), accelerometer=()","X-XSS-Protection":"1; mode=block","Content-Security-Policy":"default-src 'self'; script-src 'self' 'unsafe-inline' 'unsafe-eval' https://www.google.com https://www.gstatic.com https://apis.google.com https://*.firebaseapp.com https://*.firebase.com https://www.googletagmanager.com; style-src 'self' 'unsafe-inline' https://fonts.googleapis.com; font-src 'self' https://fonts.gstatic.com data:; img-src 'self' data: blob: https://*.googleapis.com https://*.gstatic.com https://*.firebasestorage.app https://firebasestorage.googleapis.com; connect-src 'self' https://*.googleapis.com https://*.firebaseapp.com https://*.firebase.com wss://*.firebaseio.com https://firestore.googleapis.com https://identitytoolkit.googleapis.com https://securetoken.googleapis.com https://firebasestorage.googleapis.com https://www.google.com https://www.recaptcha.net https://www.google-analytics.com https://region1.google-analytics.com; frame-src 'self' blob: https://www.google.com https://recaptcha.google.com https://*.firebaseapp.com; object-src 'none'; base-uri 'self'; form-action 'self'; upgrade-insecure-requests;","Strict-Transport-Security":"max-age=31536000; includeSubDomains; preload","X-Frame-Options":"SAMEORIGIN"},"glob":"**"}],"rewrites":[{"glob":"**","path":"/index.html"}]},"labels":{"deployment-tool":"cli-firebase"},"createTime":"2026-03-12T18:59:21.829649Z","createUser":{"email":"geriiriana6@gmail.com"},"finalizeTime":"2026-03-12T18:59:23.765131Z","finalizeUser":{"email":"geriiriana6@gmail.com"}}
[debug] [2026-03-12T18:59:23.984Z] [hosting] finalized version for report-utt:[object Object]
[info] +  hosting[report-utt]: version finalized 
[info] i  hosting[report-utt]: releasing new version... 
[debug] [2026-03-12T18:59:23.984Z] Checked if tokens are valid: true, expires at: 1773343603778
[debug] [2026-03-12T18:59:23.984Z] Checked if tokens are valid: true, expires at: 1773343603778
[debug] [2026-03-12T18:59:23.985Z] >>> [apiv2][query] POST https://firebasehosting.googleapis.com/v1beta1/projects/-/sites/report-utt/channels/live/releases versionName=projects%2F596883644201%2Fsites%2Freport-utt%2Fversions%2Fd2839b589a75e760
[debug] [2026-03-12T18:59:23.985Z] >>> [apiv2][body] POST https://firebasehosting.googleapis.com/v1beta1/projects/-/sites/report-utt/channels/live/releases {}
[debug] [2026-03-12T18:59:24.777Z] <<< [apiv2][status] POST https://firebasehosting.googleapis.com/v1beta1/projects/-/sites/report-utt/channels/live/releases 200
[debug] [2026-03-12T18:59:24.778Z] <<< [apiv2][body] POST https://firebasehosting.googleapis.com/v1beta1/projects/-/sites/report-utt/channels/live/releases {"name":"projects/596883644201/sites/report-utt/channels/live/releases/1773341963913000","version":{"name":"projects/596883644201/sites/report-utt/versions/d2839b589a75e760","status":"FINALIZED","config":{"headers":[{"headers":{"Content-Security-Policy":"default-src 'self'; script-src 'self' 'unsafe-inline' 'unsafe-eval' https://www.google.com https://www.gstatic.com https://apis.google.com https://*.firebaseapp.com https://*.firebase.com https://www.googletagmanager.com; style-src 'self' 'unsafe-inline' https://fonts.googleapis.com; font-src 'self' https://fonts.gstatic.com data:; img-src 'self' data: blob: https://*.googleapis.com https://*.gstatic.com https://*.firebasestorage.app https://firebasestorage.googleapis.com; connect-src 'self' https://*.googleapis.com https://*.firebaseapp.com https://*.firebase.com wss://*.firebaseio.com https://firestore.googleapis.com https://identitytoolkit.googleapis.com https://securetoken.googleapis.com https://firebasestorage.googleapis.com https://www.google.com https://www.recaptcha.net https://www.google-analytics.com https://region1.google-analytics.com; frame-src 'self' blob: https://www.google.com https://recaptcha.google.com https://*.firebaseapp.com; object-src 'none'; base-uri 'self'; form-action 'self'; upgrade-insecure-requests;","Strict-Transport-Security":"max-age=31536000; includeSubDomains; preload","X-Frame-Options":"SAMEORIGIN","X-Content-Type-Options":"nosniff","Referrer-Policy":"strict-origin-when-cross-origin","Permissions-Policy":"camera=(), microphone=(), geolocation=(), payment=(), usb=(), magnetometer=(), gyroscope=(), accelerometer=()","X-XSS-Protection":"1; mode=block"},"glob":"**"}],"rewrites":[{"glob":"**","path":"/index.html"}]},"labels":{"deployment-tool":"cli-firebase"},"createTime":"2026-03-12T18:59:21.829649Z","createUser":{"email":"geriiriana6@gmail.com","imageUrl":"https://lh3.googleusercontent.com/a/ACg8ocL--BklHbgeEoEs0GmaH_xnNSb458JbrnkrsXcA7grPN6xu9Q=mo"},"finalizeTime":"2026-03-12T18:59:23.765131Z","finalizeUser":{"email":"geriiriana6@gmail.com","imageUrl":"https://lh3.googleusercontent.com/a/ACg8ocL--BklHbgeEoEs0GmaH_xnNSb458JbrnkrsXcA7grPN6xu9Q=mo"}},"type":"DEPLOY","releaseTime":"2026-03-12T18:59:23.913Z","releaseUser":{"email":"geriiriana6@gmail.com","imageUrl":"https://lh3.googleusercontent.com/a/ACg8ocL--BklHbgeEoEs0GmaH_xnNSb458JbrnkrsXcA7grPN6xu9Q=mo"}}
[debug] [2026-03-12T18:59:24.778Z] [hosting] release: {"name":"projects/596883644201/sites/report-utt/channels/live/releases/1773341963913000","version":{"name":"projects/596883644201/sites/report-utt/versions/d2839b589a75e760","status":"FINALIZED","config":{"headers":[{"headers":{"Content-Security-Policy":"default-src 'self'; script-src 'self' 'unsafe-inline' 'unsafe-eval' https://www.google.com https://www.gstatic.com https://apis.google.com https://*.firebaseapp.com https://*.firebase.com https://www.googletagmanager.com; style-src 'self' 'unsafe-inline' https://fonts.googleapis.com; font-src 'self' https://fonts.gstatic.com data:; img-src 'self' data: blob: https://*.googleapis.com https://*.gstatic.com https://*.firebasestorage.app https://firebasestorage.googleapis.com; connect-src 'self' https://*.googleapis.com https://*.firebaseapp.com https://*.firebase.com wss://*.firebaseio.com https://firestore.googleapis.com https://identitytoolkit.googleapis.com https://securetoken.googleapis.com https://firebasestorage.googleapis.com https://www.google.com https://www.recaptcha.net https://www.google-analytics.com https://region1.google-analytics.com; frame-src 'self' blob: https://www.google.com https://recaptcha.google.com https://*.firebaseapp.com; object-src 'none'; base-uri 'self'; form-action 'self'; upgrade-insecure-requests;","Strict-Transport-Security":"max-age=31536000; includeSubDomains; preload","X-Frame-Options":"SAMEORIGIN","X-Content-Type-Options":"nosniff","Referrer-Policy":"strict-origin-when-cross-origin","Permissions-Policy":"camera=(), microphone=(), geolocation=(), payment=(), usb=(), magnetometer=(), gyroscope=(), accelerometer=()","X-XSS-Protection":"1; mode=block"},"glob":"**"}],"rewrites":[{"glob":"**","path":"/index.html"}]},"labels":{"deployment-tool":"cli-firebase"},"createTime":"2026-03-12T18:59:21.829649Z","createUser":{"email":"geriiriana6@gmail.com","imageUrl":"https://lh3.googleusercontent.com/a/ACg8ocL--BklHbgeEoEs0GmaH_xnNSb458JbrnkrsXcA7grPN6xu9Q=mo"},"finalizeTime":"2026-03-12T18:59:23.765131Z","finalizeUser":{"email":"geriiriana6@gmail.com","imageUrl":"https://lh3.googleusercontent.com/a/ACg8ocL--BklHbgeEoEs0GmaH_xnNSb458JbrnkrsXcA7grPN6xu9Q=mo"}},"type":"DEPLOY","releaseTime":"2026-03-12T18:59:23.913Z","releaseUser":{"email":"geriiriana6@gmail.com","imageUrl":"https://lh3.googleusercontent.com/a/ACg8ocL--BklHbgeEoEs0GmaH_xnNSb458JbrnkrsXcA7grPN6xu9Q=mo"}}
[info] +  hosting[report-utt]: release complete 
[info] 
[info] +  Deploy complete! 
[info] 
[info] Project Console: https://console.firebase.google.com/project/report-utt/overview
[info] Hosting URL: https://report-utt.web.app
